// Jest Snapshot v1, https://goo.gl/fbAQLP

exports[`<Main/> component render component 1`] = `
<div>
  <div
    class="transparent"
  >
    <div
      class="uk-grid uk-child-width-1-1@s uk-child-width-1-2@m uk-child-width-1-3@l uk-child-width-1-4@xl uk-padding-large"
      uk-grid="masonry: true"
      uk-height-match="target: .card-target"
    >
      <div>
        <div
          class="sc-citwmv giMxTf uk-card-large  uk-card uk-card-default uk-card-hover"
        >
          <div
            class="uk-card-header uk-margin-remove-bottom"
          >
            <h3
              class="sc-iBPRYJ diHnSC uk-card-title uk-margin-remove-bottom"
            >
              <a
                class="uk-link-heading uk-link-reset"
                href="/user/JorggeRojas/post/1"
              >
                FAKE POST
              </a>
            </h3>
            <div
              class="sc-bYEvPH eWQrNj uk-card-badge uk-label uk-text-uppercase uk-visible@s"
            >
              Fake
            </div>
            <div
              class="uk-hidden@s uk-margin-small uk-margin-remove-top"
            >
              <span
                class="sc-gKsewC jbSaSR uk-badge"
              >
                FAKE
              </span>
            </div>
            <p
              class="uk-text-meta uk-text-italic uk-margin-remove-top"
            >
              <time>
                December 16th of 2020
              </time>
               by
               
              <a
                class="uk-button-text"
                href="/user/JorggeRojas"
              >
                JORGGEROJAS
              </a>
            </p>
          </div>
          <div
            class="uk-padding uk-text-break"
          >
            <p
              class="uk-text-italic  uk-visible@s"
            >
              My fake summary
            </p>
            <a
              class="sc-hKgILt evLhsB  uk-button uk-button-text"
              href="/user/JorggeRojas/post/1"
            >
              Read more...
            </a>
          </div>
        </div>
      </div>
      <div>
        <div
          class="sc-citwmv giMxTf uk-card-large  uk-card uk-card-default uk-card-hover"
        >
          <div
            class="uk-card-header uk-margin-remove-bottom"
          >
            <h3
              class="sc-iBPRYJ diHnSC uk-card-title uk-margin-remove-bottom"
            >
              <a
                class="uk-link-heading uk-link-reset"
                href="/user/FakeUser1/post/2"
              >
                MY SECOND POST
              </a>
            </h3>
            <div
              class="sc-bYEvPH eWQrNj uk-card-badge uk-label uk-text-uppercase uk-visible@s"
            >
              Summary
            </div>
            <div
              class="uk-hidden@s uk-margin-small uk-margin-remove-top"
            >
              <span
                class="sc-gKsewC jbSaSR uk-badge"
              >
                SUMMARY
              </span>
            </div>
            <p
              class="uk-text-meta uk-text-italic uk-margin-remove-top"
            >
              <time>
                December 16th of 2020
              </time>
               by
               
              <a
                class="uk-button-text"
                href="/user/FakeUser1"
              >
                FAKEUSER1
              </a>
            </p>
          </div>
          <div
            class="uk-padding uk-text-break"
          >
            <p
              class="uk-text-italic  uk-visible@s"
            >
              This is a really short summary
            </p>
            <a
              class="sc-hKgILt evLhsB  uk-button uk-button-text"
              href="/user/FakeUser1/post/2"
            >
              Read more...
            </a>
          </div>
        </div>
      </div>
    </div>
    <div
      class="paginate uk-padding"
    >
      <ul
        class="uk-pagination uk-flex-center"
      >
        <li
          class="uk-pagination-previous uk-disabled"
        >
          <a
            aria-disabled="true"
            aria-label="Previous page"
            role="button"
            tabindex="0"
          >
            Previous
          </a>
        </li>
        <li
          class="uk-pagination-next"
        >
          <a
            aria-disabled="false"
            aria-label="Next page"
            role="button"
            tabindex="0"
          >
            Next
          </a>
        </li>
      </ul>
    </div>
  </div>
</div>
`;
